/gen_nw_1/gen_nw__GCB11
/gen_nw_1/gen_nw__GCB30
/gen_nw_1/gen_nw__GCB25
/gen_nw_1/gen_nw__GCB28
/gen_nw_1/gen_nw__GCB22
/gen_nw_top__GCB1
/gen_nw_1/gen_nw__GCB34
/gen_nw_1/pi_lvl_3_0
/gen_nw_1/gen_nw__GCB18
/gen_nw_1/gen_nw__GCB23
/gen_nw_top_GT0__1
/gen_nw_1/gen_nw__GCB12
/gen_nw_top__GCB2
/gen_nw_top_GT0
/gen_nw_1/gen_nw__GCB36
/gen_nw_1/pi_lvl_3_6
/gen_nw_1/gen_nw__GCB8
/gen_nw_1/pi_lvl_3_7
/gen_nw_1/gen_nw__GCB15
/gen_nw_1/gen_nw__GCB10
/gen_nw_1/gen_nw__GCB5
/gen_nw_1/gen_nw__GCB33
/gen_nw_1/gen_nw__GCB24
/gen_nw_1/pi_lvl0/pi_cluster__GB2
/gen_nw_1/gen_nw__GCB16
/gen_nw_1/pi_lvl0/pi_cluster__GB1
/gen_nw_1/gen_nw__GCB0
/gen_nw_1/gen_nw__GCB35
/gen_nw_1/gen_nw__GCB29
/gen_nw_1/gen_nw__GCB9
/gen_nw_1/gen_nw__GCB21
/gen_nw_1/gen_nw__GCB26
/gen_nw_1/gen_nw__GCB13
/gen_nw_top__GCB3
/gen_nw_1/gen_nw__GCB4
/gen_nw_top_GT1
/gen_nw_1/gen_nw__GCB14
/gen_nw_1/gen_nw__GCB17
/gen_nw_1/gen_nw__GCB2
/gen_nw_1/gen_nw__GCB27
/gen_nw_1/pi_lvl0/pi_cluster__GB0
/gen_nw_1/gen_nw__GCB31
/gen_nw_top__GCB0
/gen_nw_1/gen_nw__GCB32
